// Jest Snapshot v1, https://goo.gl/fbAQLP

exports[`Calculator component renders correctly 1`] = `
<ViewManagerAdapter_ExpoLinearGradient
  proxiedProperties={
    Object {
      "colors": Array [
        4280427042,
        4281545523,
      ],
      "endPoint": Array [
        1,
        0,
      ],
      "locations": undefined,
      "startPoint": Array [
        0,
        0,
      ],
    }
  }
  style={
    Object {
      "flex": 1,
    }
  }
>
  <View
    style={
      Object {
        "borderRadius": 30,
        "elevation": 5,
        "flex": 1,
        "marginBottom": 20,
        "marginHorizontal": 10,
        "marginTop": 40,
        "overflow": "hidden",
        "shadowColor": "#000",
        "shadowOffset": Object {
          "height": 2,
          "width": 0,
        },
        "shadowOpacity": 0.25,
        "shadowRadius": 3.84,
        "zIndex": 1,
      }
    }
  >
    <View
      style={
        Object {
          "backgroundColor": "#FFF",
          "display": "flex",
          "elevation": 30,
          "flexDirection": "row-reverse",
          "height": 79,
          "overflow": "hidden",
          "paddingHorizontal": 28,
          "paddingVertical": 15,
          "shadowColor": "#000",
          "shadowOffset": Object {
            "height": 2,
            "width": 0,
          },
          "shadowOpacity": 0.25,
          "shadowRadius": 3.84,
          "zIndex": 1,
        }
      }
    >
      <Text
        style={
          Object {
            "color": "#333",
            "fontSize": 29,
          }
        }
      >
        0
      </Text>
    </View>
    <ViewManagerAdapter_ExpoLinearGradient
      proxiedProperties={
        Object {
          "colors": Array [
            4282664004,
            4282664004,
          ],
          "endPoint": Array [
            1,
            0,
          ],
          "locations": undefined,
          "startPoint": Array [
            0,
            0,
          ],
        }
      }
      style={
        Object {
          "flex": 1,
          "flexDirection": "row",
        }
      }
    >
      <View
        style={
          Object {
            "alignItems": "center",
            "display": "flex",
            "flexDirection": "column",
            "justifyContent": "space-between",
            "margin": 10,
            "padding": 10,
            "width": "73%",
          }
        }
      >
        <View
          style={
            Object {
              "flexDirection": "row-reverse",
              "justifyContent": "space-between",
              "width": "100%",
            }
          }
        >
          <View
            accessible={true}
            collapsable={false}
            focusable={true}
            onBlur={[Function]}
            onClick={[Function]}
            onFocus={[Function]}
            onResponderGrant={[Function]}
            onResponderMove={[Function]}
            onResponderRelease={[Function]}
            onResponderTerminate={[Function]}
            onResponderTerminationRequest={[Function]}
            onStartShouldSetResponder={[Function]}
            style={
              Array [
                Object {
                  "borderRadius": 5,
                  "padding": 35,
                },
                false,
              ]
            }
          >
            <Text
              style={
                Object {
                  "color": "#FFF",
                  "fontSize": 16,
                  "fontWeight": "500",
                }
              }
            >
              <Text />
            </Text>
          </View>
          <View
            accessible={true}
            collapsable={false}
            focusable={true}
            onBlur={[Function]}
            onClick={[Function]}
            onFocus={[Function]}
            onResponderGrant={[Function]}
            onResponderMove={[Function]}
            onResponderRelease={[Function]}
            onResponderTerminate={[Function]}
            onResponderTerminationRequest={[Function]}
            onStartShouldSetResponder={[Function]}
            style={
              Array [
                Object {
                  "borderRadius": 5,
                  "padding": 35,
                },
                false,
              ]
            }
          >
            <Text
              style={
                Object {
                  "color": "#FFF",
                  "fontSize": 16,
                  "fontWeight": "500",
                }
              }
            >
              %
            </Text>
          </View>
          <View
            accessible={true}
            collapsable={false}
            focusable={true}
            onBlur={[Function]}
            onClick={[Function]}
            onFocus={[Function]}
            onResponderGrant={[Function]}
            onResponderMove={[Function]}
            onResponderRelease={[Function]}
            onResponderTerminate={[Function]}
            onResponderTerminationRequest={[Function]}
            onStartShouldSetResponder={[Function]}
            style={
              Array [
                Object {
                  "borderRadius": 5,
                  "padding": 35,
                },
                false,
              ]
            }
          >
            <Text
              style={
                Object {
                  "color": "#FFF",
                  "fontSize": 16,
                  "fontWeight": "500",
                }
              }
            >
              âˆš
            </Text>
          </View>
        </View>
        <View
          style={
            Object {
              "flexDirection": "row-reverse",
              "justifyContent": "space-between",
              "width": "100%",
            }
          }
        >
          <View
            accessible={true}
            collapsable={false}
            focusable={true}
            onBlur={[Function]}
            onClick={[Function]}
            onFocus={[Function]}
            onResponderGrant={[Function]}
            onResponderMove={[Function]}
            onResponderRelease={[Function]}
            onResponderTerminate={[Function]}
            onResponderTerminationRequest={[Function]}
            onStartShouldSetResponder={[Function]}
            style={
              Array [
                Object {
                  "borderRadius": 5,
                  "padding": 35,
                },
                false,
              ]
            }
          >
            <Text
              style={
                Object {
                  "color": "#FFF",
                  "fontSize": 16,
                  "fontWeight": "500",
                }
              }
            >
              9
            </Text>
          </View>
          <View
            accessible={true}
            collapsable={false}
            focusable={true}
            onBlur={[Function]}
            onClick={[Function]}
            onFocus={[Function]}
            onResponderGrant={[Function]}
            onResponderMove={[Function]}
            onResponderRelease={[Function]}
            onResponderTerminate={[Function]}
            onResponderTerminationRequest={[Function]}
            onStartShouldSetResponder={[Function]}
            style={
              Array [
                Object {
                  "borderRadius": 5,
                  "padding": 35,
                },
                false,
              ]
            }
          >
            <Text
              style={
                Object {
                  "color": "#FFF",
                  "fontSize": 16,
                  "fontWeight": "500",
                }
              }
            >
              8
            </Text>
          </View>
          <View
            accessible={true}
            collapsable={false}
            focusable={true}
            onBlur={[Function]}
            onClick={[Function]}
            onFocus={[Function]}
            onResponderGrant={[Function]}
            onResponderMove={[Function]}
            onResponderRelease={[Function]}
            onResponderTerminate={[Function]}
            onResponderTerminationRequest={[Function]}
            onStartShouldSetResponder={[Function]}
            style={
              Array [
                Object {
                  "borderRadius": 5,
                  "padding": 35,
                },
                false,
              ]
            }
          >
            <Text
              style={
                Object {
                  "color": "#FFF",
                  "fontSize": 16,
                  "fontWeight": "500",
                }
              }
            >
              7
            </Text>
          </View>
        </View>
        <View
          style={
            Object {
              "flexDirection": "row-reverse",
              "justifyContent": "space-between",
              "width": "100%",
            }
          }
        >
          <View
            accessible={true}
            collapsable={false}
            focusable={true}
            onBlur={[Function]}
            onClick={[Function]}
            onFocus={[Function]}
            onResponderGrant={[Function]}
            onResponderMove={[Function]}
            onResponderRelease={[Function]}
            onResponderTerminate={[Function]}
            onResponderTerminationRequest={[Function]}
            onStartShouldSetResponder={[Function]}
            style={
              Array [
                Object {
                  "borderRadius": 5,
                  "padding": 35,
                },
                false,
              ]
            }
          >
            <Text
              style={
                Object {
                  "color": "#FFF",
                  "fontSize": 16,
                  "fontWeight": "500",
                }
              }
            >
              6
            </Text>
          </View>
          <View
            accessible={true}
            collapsable={false}
            focusable={true}
            onBlur={[Function]}
            onClick={[Function]}
            onFocus={[Function]}
            onResponderGrant={[Function]}
            onResponderMove={[Function]}
            onResponderRelease={[Function]}
            onResponderTerminate={[Function]}
            onResponderTerminationRequest={[Function]}
            onStartShouldSetResponder={[Function]}
            style={
              Array [
                Object {
                  "borderRadius": 5,
                  "padding": 35,
                },
                false,
              ]
            }
          >
            <Text
              style={
                Object {
                  "color": "#FFF",
                  "fontSize": 16,
                  "fontWeight": "500",
                }
              }
            >
              5
            </Text>
          </View>
          <View
            accessible={true}
            collapsable={false}
            focusable={true}
            onBlur={[Function]}
            onClick={[Function]}
            onFocus={[Function]}
            onResponderGrant={[Function]}
            onResponderMove={[Function]}
            onResponderRelease={[Function]}
            onResponderTerminate={[Function]}
            onResponderTerminationRequest={[Function]}
            onStartShouldSetResponder={[Function]}
            style={
              Array [
                Object {
                  "borderRadius": 5,
                  "padding": 35,
                },
                false,
              ]
            }
          >
            <Text
              style={
                Object {
                  "color": "#FFF",
                  "fontSize": 16,
                  "fontWeight": "500",
                }
              }
            >
              4
            </Text>
          </View>
        </View>
        <View
          style={
            Object {
              "flexDirection": "row-reverse",
              "justifyContent": "space-between",
              "width": "100%",
            }
          }
        >
          <View
            accessible={true}
            collapsable={false}
            focusable={true}
            onBlur={[Function]}
            onClick={[Function]}
            onFocus={[Function]}
            onResponderGrant={[Function]}
            onResponderMove={[Function]}
            onResponderRelease={[Function]}
            onResponderTerminate={[Function]}
            onResponderTerminationRequest={[Function]}
            onStartShouldSetResponder={[Function]}
            style={
              Array [
                Object {
                  "borderRadius": 5,
                  "padding": 35,
                },
                false,
              ]
            }
          >
            <Text
              style={
                Object {
                  "color": "#FFF",
                  "fontSize": 16,
                  "fontWeight": "500",
                }
              }
            >
              3
            </Text>
          </View>
          <View
            accessible={true}
            collapsable={false}
            focusable={true}
            onBlur={[Function]}
            onClick={[Function]}
            onFocus={[Function]}
            onResponderGrant={[Function]}
            onResponderMove={[Function]}
            onResponderRelease={[Function]}
            onResponderTerminate={[Function]}
            onResponderTerminationRequest={[Function]}
            onStartShouldSetResponder={[Function]}
            style={
              Array [
                Object {
                  "borderRadius": 5,
                  "padding": 35,
                },
                false,
              ]
            }
          >
            <Text
              style={
                Object {
                  "color": "#FFF",
                  "fontSize": 16,
                  "fontWeight": "500",
                }
              }
            >
              2
            </Text>
          </View>
          <View
            accessible={true}
            collapsable={false}
            focusable={true}
            onBlur={[Function]}
            onClick={[Function]}
            onFocus={[Function]}
            onResponderGrant={[Function]}
            onResponderMove={[Function]}
            onResponderRelease={[Function]}
            onResponderTerminate={[Function]}
            onResponderTerminationRequest={[Function]}
            onStartShouldSetResponder={[Function]}
            style={
              Array [
                Object {
                  "borderRadius": 5,
                  "padding": 35,
                },
                false,
              ]
            }
          >
            <Text
              style={
                Object {
                  "color": "#FFF",
                  "fontSize": 16,
                  "fontWeight": "500",
                }
              }
            >
              1
            </Text>
          </View>
        </View>
        <View
          style={
            Object {
              "flexDirection": "row-reverse",
              "justifyContent": "space-between",
              "width": "100%",
            }
          }
        >
          <View
            accessible={true}
            collapsable={false}
            focusable={true}
            onBlur={[Function]}
            onClick={[Function]}
            onFocus={[Function]}
            onResponderGrant={[Function]}
            onResponderMove={[Function]}
            onResponderRelease={[Function]}
            onResponderTerminate={[Function]}
            onResponderTerminationRequest={[Function]}
            onStartShouldSetResponder={[Function]}
            style={
              Array [
                Object {
                  "borderRadius": 5,
                  "padding": 35,
                },
                false,
              ]
            }
          >
            <Text
              style={
                Object {
                  "color": "#FFF",
                  "fontSize": 16,
                  "fontWeight": "500",
                }
              }
            >
              C
            </Text>
          </View>
          <View
            accessible={true}
            collapsable={false}
            focusable={true}
            onBlur={[Function]}
            onClick={[Function]}
            onFocus={[Function]}
            onResponderGrant={[Function]}
            onResponderMove={[Function]}
            onResponderRelease={[Function]}
            onResponderTerminate={[Function]}
            onResponderTerminationRequest={[Function]}
            onStartShouldSetResponder={[Function]}
            style={
              Array [
                Object {
                  "borderRadius": 5,
                  "padding": 35,
                },
                false,
              ]
            }
          >
            <Text
              style={
                Object {
                  "color": "#FFF",
                  "fontSize": 16,
                  "fontWeight": "500",
                }
              }
            >
              .
            </Text>
          </View>
          <View
            accessible={true}
            collapsable={false}
            focusable={true}
            onBlur={[Function]}
            onClick={[Function]}
            onFocus={[Function]}
            onResponderGrant={[Function]}
            onResponderMove={[Function]}
            onResponderRelease={[Function]}
            onResponderTerminate={[Function]}
            onResponderTerminationRequest={[Function]}
            onStartShouldSetResponder={[Function]}
            style={
              Array [
                Object {
                  "borderRadius": 5,
                  "padding": 35,
                },
                false,
              ]
            }
          >
            <Text
              style={
                Object {
                  "color": "#FFF",
                  "fontSize": 16,
                  "fontWeight": "500",
                }
              }
            >
              0
            </Text>
          </View>
        </View>
      </View>
      <View
        style={
          Object {
            "backgroundColor": "#F88934",
            "elevation": 5,
            "justifyContent": "space-between",
            "paddingVertical": 10,
            "shadowColor": "#000",
            "shadowOffset": Object {
              "height": 2,
              "width": 0,
            },
            "shadowOpacity": 0.25,
            "shadowRadius": 3.84,
          }
        }
      >
        <View
          accessible={true}
          collapsable={false}
          focusable={true}
          onBlur={[Function]}
          onClick={[Function]}
          onFocus={[Function]}
          onResponderGrant={[Function]}
          onResponderMove={[Function]}
          onResponderRelease={[Function]}
          onResponderTerminate={[Function]}
          onResponderTerminationRequest={[Function]}
          onStartShouldSetResponder={[Function]}
          style={
            Array [
              Object {
                "borderRadius": 5,
                "padding": 35,
              },
              false,
            ]
          }
        >
          <Text
            style={
              Object {
                "color": "#FFF",
                "fontSize": 22,
              }
            }
          >
            Ã·
          </Text>
        </View>
        <View
          accessible={true}
          collapsable={false}
          focusable={true}
          onBlur={[Function]}
          onClick={[Function]}
          onFocus={[Function]}
          onResponderGrant={[Function]}
          onResponderMove={[Function]}
          onResponderRelease={[Function]}
          onResponderTerminate={[Function]}
          onResponderTerminationRequest={[Function]}
          onStartShouldSetResponder={[Function]}
          style={
            Array [
              Object {
                "borderRadius": 5,
                "padding": 35,
              },
              false,
            ]
          }
        >
          <Text
            style={
              Object {
                "color": "#FFF",
                "fontSize": 22,
              }
            }
          >
            x
          </Text>
        </View>
        <View
          accessible={true}
          collapsable={false}
          focusable={true}
          onBlur={[Function]}
          onClick={[Function]}
          onFocus={[Function]}
          onResponderGrant={[Function]}
          onResponderMove={[Function]}
          onResponderRelease={[Function]}
          onResponderTerminate={[Function]}
          onResponderTerminationRequest={[Function]}
          onStartShouldSetResponder={[Function]}
          style={
            Array [
              Object {
                "borderRadius": 5,
                "padding": 35,
              },
              false,
            ]
          }
        >
          <Text
            style={
              Object {
                "color": "#FFF",
                "fontSize": 22,
              }
            }
          >
            -
          </Text>
        </View>
        <View
          accessible={true}
          collapsable={false}
          focusable={true}
          onBlur={[Function]}
          onClick={[Function]}
          onFocus={[Function]}
          onResponderGrant={[Function]}
          onResponderMove={[Function]}
          onResponderRelease={[Function]}
          onResponderTerminate={[Function]}
          onResponderTerminationRequest={[Function]}
          onStartShouldSetResponder={[Function]}
          style={
            Array [
              Object {
                "borderRadius": 5,
                "padding": 35,
              },
              false,
            ]
          }
        >
          <Text
            style={
              Object {
                "color": "#FFF",
                "fontSize": 22,
              }
            }
          >
            +
          </Text>
        </View>
        <View
          accessible={true}
          collapsable={false}
          focusable={true}
          onBlur={[Function]}
          onClick={[Function]}
          onFocus={[Function]}
          onResponderGrant={[Function]}
          onResponderMove={[Function]}
          onResponderRelease={[Function]}
          onResponderTerminate={[Function]}
          onResponderTerminationRequest={[Function]}
          onStartShouldSetResponder={[Function]}
          style={
            Array [
              Object {
                "borderRadius": 5,
                "padding": 35,
              },
              false,
            ]
          }
        >
          <Text
            style={
              Object {
                "color": "#FFF",
                "fontSize": 22,
              }
            }
          >
            =
          </Text>
        </View>
      </View>
    </ViewManagerAdapter_ExpoLinearGradient>
  </View>
</ViewManagerAdapter_ExpoLinearGradient>
`;
